Archive member included because of file (symbol)

c:/program files (x86)/emblocks/2.30/share/em_armgcc/bin/../lib/gcc/arm-none-eabi/4.7.3/armv6-m\libgcc.a(_udivsi3.o)
                              obj\debug\spl\src\stm32f0xx_rcc.o (__aeabi_uidiv)
c:/program files (x86)/emblocks/2.30/share/em_armgcc/bin/../lib/gcc/arm-none-eabi/4.7.3/armv6-m\libgcc.a(_divsi3.o)
                              obj\debug\src\bmp180.o (__aeabi_idiv)
c:/program files (x86)/emblocks/2.30/share/em_armgcc/bin/../lib/gcc/arm-none-eabi/4.7.3/armv6-m\libgcc.a(_dvmd_tls.o)
                              c:/program files (x86)/emblocks/2.30/share/em_armgcc/bin/../lib/gcc/arm-none-eabi/4.7.3/armv6-m\libgcc.a(_udivsi3.o) (__aeabi_idiv0)
c:/program files (x86)/emblocks/2.30/share/em_armgcc/bin/../lib/gcc/arm-none-eabi/4.7.3/armv6-m\libgcc.a(divsf3.o)
                              obj\debug\src\bmp180.o (__aeabi_fdiv)
c:/program files (x86)/emblocks/2.30/share/em_armgcc/bin/../lib/gcc/arm-none-eabi/4.7.3/armv6-m\libgcc.a(floatsisf.o)
                              obj\debug\src\bmp180.o (__aeabi_i2f)
c:/program files (x86)/emblocks/2.30/share/em_armgcc/bin/../lib/gcc/arm-none-eabi/4.7.3/armv6-m\libgcc.a(_clzsi2.o)
                              c:/program files (x86)/emblocks/2.30/share/em_armgcc/bin/../lib/gcc/arm-none-eabi/4.7.3/armv6-m\libgcc.a(divsf3.o) (__clzsi2)
c:/program files (x86)/emblocks/2.30/share/em_armgcc/bin/../lib/gcc/arm-none-eabi/4.7.3/../../../../arm-none-eabi/lib/armv6-m\libc_n.a(lib_a-exit.o)
                              c:/program files (x86)/emblocks/2.30/share/em_armgcc/bin/../lib/gcc/arm-none-eabi/4.7.3/../../../../arm-none-eabi/lib/armv6-m/crt0.o (exit)
c:/program files (x86)/emblocks/2.30/share/em_armgcc/bin/../lib/gcc/arm-none-eabi/4.7.3/../../../../arm-none-eabi/lib/armv6-m\libc_n.a(lib_a-impure.o)
                              c:/program files (x86)/emblocks/2.30/share/em_armgcc/bin/../lib/gcc/arm-none-eabi/4.7.3/../../../../arm-none-eabi/lib/armv6-m\libc_n.a(lib_a-exit.o) (_global_impure_ptr)
c:/program files (x86)/emblocks/2.30/share/em_armgcc/bin/../lib/gcc/arm-none-eabi/4.7.3/../../../../arm-none-eabi/lib/armv6-m\libc_n.a(lib_a-init.o)
                              c:/program files (x86)/emblocks/2.30/share/em_armgcc/bin/../lib/gcc/arm-none-eabi/4.7.3/../../../../arm-none-eabi/lib/armv6-m/crt0.o (__libc_init_array)
c:/program files (x86)/emblocks/2.30/share/em_armgcc/bin/../lib/gcc/arm-none-eabi/4.7.3/../../../../arm-none-eabi/lib/armv6-m\libc_n.a(lib_a-memset.o)
                              c:/program files (x86)/emblocks/2.30/share/em_armgcc/bin/../lib/gcc/arm-none-eabi/4.7.3/../../../../arm-none-eabi/lib/armv6-m/crt0.o (memset)
c:/program files (x86)/emblocks/2.30/share/em_armgcc/bin/../lib/gcc/arm-none-eabi/4.7.3/../../../../arm-none-eabi/lib/armv6-m\libc_n.a(lib_a-sprintf.o)
                              obj\debug\src\debug.o (sprintf)
c:/program files (x86)/emblocks/2.30/share/em_armgcc/bin/../lib/gcc/arm-none-eabi/4.7.3/../../../../arm-none-eabi/lib/armv6-m\libc_n.a(lib_a-strlen.o)
                              obj\debug\src\debug.o (strlen)
c:/program files (x86)/emblocks/2.30/share/em_armgcc/bin/../lib/gcc/arm-none-eabi/4.7.3/../../../../arm-none-eabi/lib/armv6-m\libc_n.a(lib_a-svfprintf.o)
                              c:/program files (x86)/emblocks/2.30/share/em_armgcc/bin/../lib/gcc/arm-none-eabi/4.7.3/../../../../arm-none-eabi/lib/armv6-m\libc_n.a(lib_a-sprintf.o) (_svfprintf_r)
c:/program files (x86)/emblocks/2.30/share/em_armgcc/bin/../lib/gcc/arm-none-eabi/4.7.3/../../../../arm-none-eabi/lib/armv6-m\libc_n.a(lib_a-vfprintf_i.o)
                              c:/program files (x86)/emblocks/2.30/share/em_armgcc/bin/../lib/gcc/arm-none-eabi/4.7.3/../../../../arm-none-eabi/lib/armv6-m\libc_n.a(lib_a-svfprintf.o) (_printf_i)
c:/program files (x86)/emblocks/2.30/share/em_armgcc/bin/../lib/gcc/arm-none-eabi/4.7.3/../../../../arm-none-eabi/lib/armv6-m\libc_n.a(lib_a-memchr-stub.o)
                              c:/program files (x86)/emblocks/2.30/share/em_armgcc/bin/../lib/gcc/arm-none-eabi/4.7.3/../../../../arm-none-eabi/lib/armv6-m\libc_n.a(lib_a-svfprintf.o) (memchr)
c:/program files (x86)/emblocks/2.30/share/em_armgcc/bin/../lib/gcc/arm-none-eabi/4.7.3/../../../../arm-none-eabi/lib/armv6-m\libc_n.a(lib_a-memcpy-stub.o)
                              c:/program files (x86)/emblocks/2.30/share/em_armgcc/bin/../lib/gcc/arm-none-eabi/4.7.3/../../../../arm-none-eabi/lib/armv6-m\libc_n.a(lib_a-svfprintf.o) (memcpy)
c:/program files (x86)/emblocks/2.30/share/em_armgcc/bin/../lib/gcc/arm-none-eabi/4.7.3/../../../../arm-none-eabi/lib/armv6-m\libc_n.a(lib_a-memmove.o)
                              c:/program files (x86)/emblocks/2.30/share/em_armgcc/bin/../lib/gcc/arm-none-eabi/4.7.3/../../../../arm-none-eabi/lib/armv6-m\libc_n.a(lib_a-svfprintf.o) (memmove)
[...]
Memory Configuration

Name             Origin             Length             Attributes
ROM              0x08000000         0x00008000         xr
RAM              0x20000000         0x00001000         xrw
*default*        0x00000000         0xffffffff

Linker script and memory map

LOAD c:/program files (x86)/emblocks/2.30/share/em_armgcc/bin/../lib/gcc/arm-none-eabi/4.7.3/armv6-m/crti.o
LOAD c:/program files (x86)/emblocks/2.30/share/em_armgcc/bin/../lib/gcc/arm-none-eabi/4.7.3/armv6-m/crtbegin.o
LOAD c:/program files (x86)/emblocks/2.30/share/em_armgcc/bin/../lib/gcc/arm-none-eabi/4.7.3/../../../../arm-none-eabi/lib/armv6-m/crt0.o
                0x00000000                __HEAP_SIZE = 0x0
                0x00000100                __STACK_SIZE = 0x100

.text           0x08000000     0x28f8
 *(.isr_vector)
 .isr_vector    0x08000000       0xc4 obj\debug\src\startup_stm32f0xx.o
                0x08000000                __isr_vector
 *(.text*)
 .text          0x080000c4       0x60 c:/program files (x86)/emblocks/2.30/share/em_armgcc/bin/../lib/gcc/arm-none-eabi/4.7.3/armv6-m/crtbegin.o
 .text          0x08000124       0x78 c:/program files (x86)/emblocks/2.30/share/em_armgcc/bin/../lib/gcc/arm-none-eabi/4.7.3/../../../../arm-none-eabi/lib/armv6-m/crt0.o
                0x08000124                _start
                0x08000124                _mainCRTStartup
 .text.GPIO_Init
                0x0800019c      0x138 obj\debug\spl\src\stm32f0xx_gpio.o
                0x0800019c                GPIO_Init
 .text.GPIO_PinAFConfig
                0x080002d4       0x9c obj\debug\spl\src\stm32f0xx_gpio.o
                0x080002d4                GPIO_PinAFConfig
 .text.I2C_Init
                0x08000370       0xd0 obj\debug\spl\src\stm32f0xx_i2c.o
                0x08000370                I2C_Init
 .text.I2C_Cmd  0x08000440       0x3c obj\debug\spl\src\stm32f0xx_i2c.o
                0x08000440                I2C_Cmd
 .text.I2C_GenerateSTOP
                0x0800047c       0x3c obj\debug\spl\src\stm32f0xx_i2c.o
                0x0800047c                I2C_GenerateSTOP
 .text.I2C_AcknowledgeConfig
                0x080004b8       0x3c obj\debug\spl\src\stm32f0xx_i2c.o
                0x080004b8                I2C_AcknowledgeConfig
 .text.I2C_TransferHandling
                0x080004f4       0x60 obj\debug\spl\src\stm32f0xx_i2c.o
                0x080004f4                I2C_TransferHandling
 .text.I2C_SendData
                0x08000554       0x1c obj\debug\spl\src\stm32f0xx_i2c.o
                0x08000554                I2C_SendData
 .text.I2C_ReceiveData
                0x08000570       0x18 obj\debug\spl\src\stm32f0xx_i2c.o
                0x08000570                I2C_ReceiveData
 .text.I2C_GetFlagStatus
                0x08000588       0x4c obj\debug\spl\src\stm32f0xx_i2c.o
                0x08000588                I2C_GetFlagStatus
 .text.NVIC_Init
                0x080005d4       0xac obj\debug\spl\src\stm32f0xx_misc.o
                0x080005d4                NVIC_Init
 .text.RCC_GetClocksFreq
                0x08000680      0x264 obj\debug\spl\src\stm32f0xx_rcc.o
                0x08000680                RCC_GetClocksFreq
 .text.RCC_AHBPeriphClockCmd
                0x080008e4       0x3c obj\debug\spl\src\stm32f0xx_rcc.o
                0x080008e4                RCC_AHBPeriphClockCmd
 .text.RCC_APB2PeriphClockCmd
                0x08000920       0x3c obj\debug\spl\src\stm32f0xx_rcc.o
                0x08000920                RCC_APB2PeriphClockCmd
 .text.RCC_APB1PeriphClockCmd
                0x0800095c       0x3c obj\debug\spl\src\stm32f0xx_rcc.o
                0x0800095c                RCC_APB1PeriphClockCmd
 .text.USART_Init
                0x08000998      0x174 obj\debug\spl\src\stm32f0xx_usart.o
                0x08000998                USART_Init
 .text.USART_Cmd
                0x08000b0c       0x3c obj\debug\spl\src\stm32f0xx_usart.o
                0x08000b0c                USART_Cmd
 .text.USART_SendData
                0x08000b48       0x24 obj\debug\spl\src\stm32f0xx_usart.o
                0x08000b48                USART_SendData
 .text.USART_ReceiveData
                0x08000b6c       0x1c obj\debug\spl\src\stm32f0xx_usart.o
                0x08000b6c                USART_ReceiveData
 .text.USART_ITConfig
                0x08000b88       0x84 obj\debug\spl\src\stm32f0xx_usart.o
                0x08000b88                USART_ITConfig
 .text.USART_GetFlagStatus
                0x08000c0c       0x3c obj\debug\spl\src\stm32f0xx_usart.o
                0x08000c0c                USART_GetFlagStatus
 .text.USART_GetITStatus
                0x08000c48       0xb4 obj\debug\spl\src\stm32f0xx_usart.o
                0x08000c48                USART_GetITStatus
 .text.debugInit
                0x08000cfc       0x8c obj\debug\src\debug.o
                0x08000cfc                debugInit
 .text.debugSend
                0x08000d88       0x70 obj\debug\src\debug.o
                0x08000d88                debugSend
 .text.USART1_IRQHandler
                0x08000df8       0x48 obj\debug\src\debug.o
                0x08000df8                USART1_IRQHandler
 .text._printfU
                0x08000e40       0x48 obj\debug\src\debug.o
                0x08000e40                _printfU
 .text._printfLngS
                0x08000e88       0x44 obj\debug\src\debug.o
                0x08000e88                _printfLngS
 .text.I2CInit  0x08000ecc       0xc0 obj\debug\src\bmp180.o
                0x08000ecc                I2CInit
 .text.writeCommand
                0x08000f8c       0x88 obj\debug\src\bmp180.o
 .text.read8    0x08001014       0xac obj\debug\src\bmp180.o
                0x08001014                read8
 .text.read16   0x080010c0       0x8c obj\debug\src\bmp180.o
                0x080010c0                read16
 .text.readRawTemperature
                0x0800114c       0x40 obj\debug\src\bmp180.o
                0x0800114c                readRawTemperature
 .text.readRawPressure
                0x0800118c       0x88 obj\debug\src\bmp180.o
                0x0800118c                readRawPressure
 .text.getPressure
                0x08001214      0x184 obj\debug\src\bmp180.o
                0x08001214                getPressure
 .text.getTemperature
                0x08001398       0x78 obj\debug\src\bmp180.o
                0x08001398                getTemperature
 .text.bmp180_get_calib_param
                0x08001410      0x2bc obj\debug\src\bmp180.o
                0x08001410                bmp180_get_calib_param
 .text.main     0x080016cc      0x198 obj\debug\src\main.o
                0x080016cc                main
 .text          0x08001864       0xa0 obj\debug\src\startup_stm32f0xx.o
                0x08001864                Reset_Handler
                0x080018ae                NMI_Handler
                0x080018b0                HardFault_Handler
                0x080018b2                SVC_Handler
                0x080018b4                PendSV_Handler
                0x080018b6                SysTick_Handler
                0x080018b8                Default_Handler
                0x080018ba                WWDG_IRQHandler
                0x080018bc                PVD_IRQHandler
                0x080018be                RTC_IRQHandler
                0x080018c0                FLASH_IRQHandler
                0x080018c2                RCC_IRQHandler
                0x080018c4                EXTI0_1_IRQHandler
                0x080018c6                EXTI2_3_IRQHandler
                0x080018c8                EXTI4_15_IRQHandler
                0x080018ca                TS_IRQHandler
                0x080018cc                DMA1_Channel1_IRQHandler
                0x080018ce                DMA1_Channel2_3_IRQHandler
                0x080018d0                DMA1_Channel4_5_IRQHandler
                0x080018d2                ADC1_COMP_IRQHandler
                0x080018d4                TIM1_BRK_UP_TRG_COM_IRQHandler
                0x080018d6                TIM1_CC_IRQHandler
                0x080018d8                TIM2_IRQHandler
                0x080018da                TIM3_IRQHandler
                0x080018dc                TIM6_DAC_IRQHandler
                0x080018de                TIM7_IRQHandler
                0x080018e0                TIM14_IRQHandler
                0x080018e2                TIM15_IRQHandler
                0x080018e4                TIM16_IRQHandler
                0x080018e6                TIM17_IRQHandler
                0x080018e8                I2C1_IRQHandler
                0x080018ea                I2C2_IRQHandler
                0x080018ec                SPI1_IRQHandler
                0x080018ee                SPI2_IRQHandler
                0x080018f2                USART2_IRQHandler
                0x080018f4                USART3_4_IRQHandler
                0x080018f6                CEC_IRQHandler
                0x080018f8                USB_IRQHandler
                0x080018fa                BootRAM
 .text.SystemInit
                0x08001904       0x8c obj\debug\src\system_stm32f0xx.o
                0x08001904                SystemInit
 .text.SetSysClock
                0x08001990       0xe0 obj\debug\src\system_stm32f0xx.o
 .text          0x08001a70       0x9c c:/program files (x86)/emblocks/2.30/share/em_armgcc/bin/../lib/gcc/arm-none-eabi/4.7.3/armv6-m\libgcc.a(_udivsi3.o)
                0x08001a70                __aeabi_uidiv
                0x08001a70                __udivsi3
                0x08001af8                __aeabi_uidivmod
 .text          0x08001b0c       0xc0 c:/program files (x86)/emblocks/2.30/share/em_armgcc/bin/../lib/gcc/arm-none-eabi/4.7.3/armv6-m\libgcc.a(_divsi3.o)
                0x08001b0c                __divsi3
                0x08001b0c                __aeabi_idiv
                0x08001bb8                __aeabi_idivmod
 .text          0x08001bcc        0x4 c:/program files (x86)/emblocks/2.30/share/em_armgcc/bin/../lib/gcc/arm-none-eabi/4.7.3/armv6-m\libgcc.a(_dvmd_tls.o)
                0x08001bcc                __aeabi_idiv0
                0x08001bcc                __aeabi_ldiv0
 .text          0x08001bd0      0x230 c:/program files (x86)/emblocks/2.30/share/em_armgcc/bin/../lib/gcc/arm-none-eabi/4.7.3/armv6-m\libgcc.a(divsf3.o)
                0x08001bd0                __aeabi_fdiv
 .text          0x08001e00       0xac c:/program files (x86)/emblocks/2.30/share/em_armgcc/bin/../lib/gcc/arm-none-eabi/4.7.3/armv6-m\libgcc.a(floatsisf.o)
                0x08001e00                __aeabi_i2f
 .text          0x08001eac       0x3c c:/program files (x86)/emblocks/2.30/share/em_armgcc/bin/../lib/gcc/arm-none-eabi/4.7.3/armv6-m\libgcc.a(_clzsi2.o)
                0x08001eac                __clzsi2
 .text.exit     0x08001ee8       0x2c c:/program files (x86)/emblocks/2.30/share/em_armgcc/bin/../lib/gcc/arm-none-eabi/4.7.3/../../../../arm-none-eabi/lib/armv6-m\libc_n.a(lib_a-exit.o)
                0x08001ee8                exit
 .text.__libc_init_array
                0x08001f14       0x4c c:/program files (x86)/emblocks/2.30/share/em_armgcc/bin/../lib/gcc/arm-none-eabi/4.7.3/../../../../arm-none-eabi/lib/armv6-m\libc_n.a(lib_a-init.o)
                0x08001f14                __libc_init_array
 .text.memset   0x08001f60       0x12 c:/program files (x86)/emblocks/2.30/share/em_armgcc/bin/../lib/gcc/arm-none-eabi/4.7.3/../../../../arm-none-eabi/lib/armv6-m\libc_n.a(lib_a-memset.o)
                0x08001f60                memset
 *fill*         0x08001f72        0x2 
 .text.sprintf  0x08001f74       0x44 c:/program files (x86)/emblocks/2.30/share/em_armgcc/bin/../lib/gcc/arm-none-eabi/4.7.3/../../../../arm-none-eabi/lib/armv6-m\libc_n.a(lib_a-sprintf.o)
                0x08001f74                siprintf
                0x08001f74                sprintf
 .text.strlen   0x08001fb8        0xe c:/program files (x86)/emblocks/2.30/share/em_armgcc/bin/../lib/gcc/arm-none-eabi/4.7.3/../../../../arm-none-eabi/lib/armv6-m\libc_n.a(lib_a-strlen.o)
                0x08001fb8                strlen
 *fill*         0x08001fc6        0x2 
 .text.__ssputs_r
                0x08001fc8       0xc8 c:/program files (x86)/emblocks/2.30/share/em_armgcc/bin/../lib/gcc/arm-none-eabi/4.7.3/../../../../arm-none-eabi/lib/armv6-m\libc_n.a(lib_a-svfprintf.o)
                0x08001fc8                __ssputs_r
 .text._svfprintf_r
                0x08002090      0x1e8 c:/program files (x86)/emblocks/2.30/share/em_armgcc/bin/../lib/gcc/arm-none-eabi/4.7.3/../../../../arm-none-eabi/lib/armv6-m\libc_n.a(lib_a-svfprintf.o)
                0x08002090                _svfiprintf_r
                0x08002090                _svfprintf_r
 .text._printf_common
                0x08002278       0xe6 c:/program files (x86)/emblocks/2.30/share/em_armgcc/bin/../lib/gcc/arm-none-eabi/4.7.3/../../../../arm-none-eabi/lib/armv6-m\libc_n.a(lib_a-vfprintf_i.o)
                0x08002278                _printf_common
 *fill*         0x0800235e        0x2 
 .text._printf_i
                0x08002360      0x248 c:/program files (x86)/emblocks/2.30/share/em_armgcc/bin/../lib/gcc/arm-none-eabi/4.7.3/../../../../arm-none-eabi/lib/armv6-m\libc_n.a(lib_a-vfprintf_i.o)
                0x08002360                _printf_i
 .text.memchr   0x080025a8       0x18 c:/program files (x86)/emblocks/2.30/share/em_armgcc/bin/../lib/gcc/arm-none-eabi/4.7.3/../../../../arm-none-eabi/lib/armv6-m\libc_n.a(lib_a-memchr-stub.o)
                0x080025a8                memchr
 .text.memcpy   0x080025c0       0x12 c:/program files (x86)/emblocks/2.30/share/em_armgcc/bin/../lib/gcc/arm-none-eabi/4.7.3/../../../../arm-none-eabi/lib/armv6-m\libc_n.a(lib_a-memcpy-stub.o)
                0x080025c0                memcpy
 .text.memmove  0x080025d2       0x30 c:/program files (x86)/emblocks/2.30/share/em_armgcc/bin/../lib/gcc/arm-none-eabi/4.7.3/../../../../arm-none-eabi/lib/armv6-m\libc_n.a(lib_a-memmove.o)
                0x080025d2                memmove
 *fill*         0x08002602        0x2 
 .text._free_r  0x08002604       0x9c c:/program files (x86)/emblocks/2.30/share/em_armgcc/bin/../lib/gcc/arm-none-eabi/4.7.3/../../../../arm-none-eabi/lib/armv6-m\libc_n.a(lib_a-nano-freer.o)
                0x08002604                _free_r
 .text._malloc_r
                0x080026a0       0xb0 c:/program files (x86)/emblocks/2.30/share/em_armgcc/bin/../lib/gcc/arm-none-eabi/4.7.3/../../../../arm-none-eabi/lib/armv6-m\libc_n.a(lib_a-nano-mallocr.o)
                0x080026a0                _malloc_r
 .text._realloc_r
                0x08002750       0x4e c:/program files (x86)/emblocks/2.30/share/em_armgcc/bin/../lib/gcc/arm-none-eabi/4.7.3/../../../../arm-none-eabi/lib/armv6-m\libc_n.a(lib_a-nano-reallocr.o)
                0x08002750                _realloc_r
 *fill*         0x0800279e        0x2 
 .text._sbrk_r  0x080027a0       0x24 c:/program files (x86)/emblocks/2.30/share/em_armgcc/bin/../lib/gcc/arm-none-eabi/4.7.3/../../../../arm-none-eabi/lib/armv6-m\libc_n.a(lib_a-sbrkr.o)
                0x080027a0                _sbrk_r
 .text._malloc_usable_size_r
                0x080027c4       0x14 c:/program files (x86)/emblocks/2.30/share/em_armgcc/bin/../lib/gcc/arm-none-eabi/4.7.3/../../../../arm-none-eabi/lib/armv6-m\libc_n.a(lib_a-nano-msizer.o)
                0x080027c4                _malloc_usable_size_r
 .text._sbrk    0x080027d8       0x38 c:/program files (x86)/emblocks/2.30/share/em_armgcc/bin/../lib/gcc/arm-none-eabi/4.7.3/../../../../arm-none-eabi/lib/armv6-m\libnosys.a(sbrk.o)
                0x080027d8                _sbrk
 .text._exit    0x08002810        0x4 c:/program files (x86)/emblocks/2.30/share/em_armgcc/bin/../lib/gcc/arm-none-eabi/4.7.3/../../../../arm-none-eabi/lib/armv6-m\libnosys.a(_exit.o)
                0x08002810                _exit
 *(.init)
 .init          0x08002814        0x4 c:/program files (x86)/emblocks/2.30/share/em_armgcc/bin/../lib/gcc/arm-none-eabi/4.7.3/armv6-m/crti.o
                0x08002814                _init
 .init          0x08002818        0x8 c:/program files (x86)/emblocks/2.30/share/em_armgcc/bin/../lib/gcc/arm-none-eabi/4.7.3/armv6-m/crtn.o
 *(.fini)
 .fini          0x08002820        0x4 c:/program files (x86)/emblocks/2.30/share/em_armgcc/bin/../lib/gcc/arm-none-eabi/4.7.3/armv6-m/crti.o
                0x08002820                _fini
 .fini          0x08002824        0x8 c:/program files (x86)/emblocks/2.30/share/em_armgcc/bin/../lib/gcc/arm-none-eabi/4.7.3/armv6-m/crtn.o
 *crtbegin.o(.ctors)
 *crtbegin?.o(.ctors)
 *(EXCLUDE_FILE(*crtend.o *crtend?.o) .ctors)
 *(SORT(.ctors.*))
 *(.ctors)
 *crtbegin.o(.dtors)
 *crtbegin?.o(.dtors)
 *(EXCLUDE_FILE(*crtend.o *crtend?.o) .dtors)
 *(SORT(.dtors.*))
 *(.dtors)
 *(.rodata*)
 .rodata        0x0800282c       0x10 obj\debug\src\debug.o
 .rodata        0x0800283c       0x3c obj\debug\src\main.o
 .rodata        0x08002878       0x40 c:/program files (x86)/emblocks/2.30/share/em_armgcc/bin/../lib/gcc/arm-none-eabi/4.7.3/armv6-m\libgcc.a(divsf3.o)
 .rodata.str1.1
                0x080028b8        0x2 c:/program files (x86)/emblocks/2.30/share/em_armgcc/bin/../lib/gcc/arm-none-eabi/4.7.3/../../../../arm-none-eabi/lib/armv6-m\libc_n.a(lib_a-impure.o)
 *fill*         0x080028ba        0x2 
 .rodata._global_impure_ptr
                0x080028bc        0x4 c:/program files (x86)/emblocks/2.30/share/em_armgcc/bin/../lib/gcc/arm-none-eabi/4.7.3/../../../../arm-none-eabi/lib/armv6-m\libc_n.a(lib_a-impure.o)
                0x080028bc                _global_impure_ptr
 .rodata.str1.1
                0x080028c0       0x11 c:/program files (x86)/emblocks/2.30/share/em_armgcc/bin/../lib/gcc/arm-none-eabi/4.7.3/../../../../arm-none-eabi/lib/armv6-m\libc_n.a(lib_a-svfprintf.o)
 .rodata.str1.1
                0x080028d1       0x22 c:/program files (x86)/emblocks/2.30/share/em_armgcc/bin/../lib/gcc/arm-none-eabi/4.7.3/../../../../arm-none-eabi/lib/armv6-m\libc_n.a(lib_a-vfprintf_i.o)
 *(.eh_frame*)
 *fill*         0x080028f3        0x1 
 .eh_frame      0x080028f4        0x0 c:/program files (x86)/emblocks/2.30/share/em_armgcc/bin/../lib/gcc/arm-none-eabi/4.7.3/armv6-m/crtbegin.o
 .eh_frame      0x080028f4        0x4 c:/program files (x86)/emblocks/2.30/share/em_armgcc/bin/../lib/gcc/arm-none-eabi/4.7.3/armv6-m/crtend.o

.glue_7         0x080028f8        0x0
 .glue_7        0x00000000        0x0 linker stubs

.glue_7t        0x080028f8        0x0
 .glue_7t       0x00000000        0x0 linker stubs

.vfp11_veneer   0x080028f8        0x0
 .vfp11_veneer  0x00000000        0x0 linker stubs

.v4_bx          0x080028f8        0x0
 .v4_bx         0x00000000        0x0 linker stubs

.iplt           0x080028f8        0x0
 .iplt          0x00000000        0x0 c:/program files (x86)/emblocks/2.30/share/em_armgcc/bin/../lib/gcc/arm-none-eabi/4.7.3/armv6-m/crtbegin.o

.ARM.extab
 *(.ARM.extab* .gnu.linkonce.armextab.*)
                0x080028f8                __exidx_start = .

.ARM.exidx      0x080028f8        0x8
 *(.ARM.exidx* .gnu.linkonce.armexidx.*)
 .ARM.exidx     0x080028f8        0x8 c:/program files (x86)/emblocks/2.30/share/em_armgcc/bin/../lib/gcc/arm-none-eabi/4.7.3/../../../../arm-none-eabi/lib/armv6-m/crt0.o
                0x08002900                __exidx_end = .
                0x08002900                __etext = .

.rel.dyn        0x08002900        0x0
 .rel.iplt      0x00000000        0x0 c:/program files (x86)/emblocks/2.30/share/em_armgcc/bin/../lib/gcc/arm-none-eabi/4.7.3/armv6-m/crtbegin.o

.data           0x20000000       0x7c load address 0x08002900
                0x20000000                __data_start__ = .
 *(vtable)
 *(.data*)
 .data.APBAHBPrescTable
                0x20000000       0x10 obj\debug\spl\src\stm32f0xx_rcc.o
 .data.impure_data
                0x20000010       0x60 c:/program files (x86)/emblocks/2.30/share/em_armgcc/bin/../lib/gcc/arm-none-eabi/4.7.3/../../../../arm-none-eabi/lib/armv6-m\libc_n.a(lib_a-impure.o)
 .data._impure_ptr
                0x20000070        0x4 c:/program files (x86)/emblocks/2.30/share/em_armgcc/bin/../lib/gcc/arm-none-eabi/4.7.3/../../../../arm-none-eabi/lib/armv6-m\libc_n.a(lib_a-impure.o)
                0x20000070                _impure_ptr
                0x20000074                . = ALIGN (0x4)
                0x20000074                PROVIDE (__preinit_array_start, .)
 *(.preinit_array)
                0x20000074                PROVIDE (__preinit_array_end, .)
                0x20000074                . = ALIGN (0x4)
                0x20000074                PROVIDE (__init_array_start, .)
 *(SORT(.init_array.*))
 *(.init_array)
 .init_array    0x20000074        0x4 c:/program files (x86)/emblocks/2.30/share/em_armgcc/bin/../lib/gcc/arm-none-eabi/4.7.3/armv6-m/crtbegin.o
                0x20000078                PROVIDE (__init_array_end, .)
                0x20000078                . = ALIGN (0x4)
                0x20000078                PROVIDE (__fini_array_start, .)
 *(SORT(.fini_array.*))
 *(.fini_array)
 .fini_array    0x20000078        0x4 c:/program files (x86)/emblocks/2.30/share/em_armgcc/bin/../lib/gcc/arm-none-eabi/4.7.3/armv6-m/crtbegin.o
                0x2000007c                PROVIDE (__fini_array_end, .)
                0x2000007c                . = ALIGN (0x4)
                0x2000007c                __data_end__ = .

.jcr            0x2000007c        0x0 load address 0x0800297c
 .jcr           0x2000007c        0x0 c:/program files (x86)/emblocks/2.30/share/em_armgcc/bin/../lib/gcc/arm-none-eabi/4.7.3/armv6-m/crtbegin.o

.igot.plt       0x2000007c        0x0 load address 0x0800297c
 .igot.plt      0x00000000        0x0 c:/program files (x86)/emblocks/2.30/share/em_armgcc/bin/../lib/gcc/arm-none-eabi/4.7.3/armv6-m/crtbegin.o

.bss            0x2000007c      0x124 load address 0x0800297c
                0x2000007c                __bss_start__ = .
 *(.bss*)
 .bss           0x2000007c       0x1c c:/program files (x86)/emblocks/2.30/share/em_armgcc/bin/../lib/gcc/arm-none-eabi/4.7.3/armv6-m/crtbegin.o
 .bss.__malloc_sbrk_start
                0x20000098        0x4 c:/program files (x86)/emblocks/2.30/share/em_armgcc/bin/../lib/gcc/arm-none-eabi/4.7.3/../../../../arm-none-eabi/lib/armv6-m\libc_n.a(lib_a-nano-mallocr.o)
                0x20000098                __malloc_sbrk_start
 .bss.__malloc_free_list
                0x2000009c        0x4 c:/program files (x86)/emblocks/2.30/share/em_armgcc/bin/../lib/gcc/arm-none-eabi/4.7.3/../../../../arm-none-eabi/lib/armv6-m\libc_n.a(lib_a-nano-mallocr.o)
                0x2000009c                __malloc_free_list
 .bss.heap_end.4240
                0x200000a0        0x4 c:/program files (x86)/emblocks/2.30/share/em_armgcc/bin/../lib/gcc/arm-none-eabi/4.7.3/../../../../arm-none-eabi/lib/armv6-m\libnosys.a(sbrk.o)
 *(COMMON)
 COMMON         0x200000a4       0xcc obj\debug\src\debug.o
                0x200000a4                receivedDebugLen
                0x200000a8                receivedDebug
 COMMON         0x20000170       0x2c obj\debug\src\main.o
                0x20000170                Sensor1
 COMMON         0x2000019c        0x4 c:/program files (x86)/emblocks/2.30/share/em_armgcc/bin/../lib/gcc/arm-none-eabi/4.7.3/../../../../arm-none-eabi/lib/armv6-m\libc_n.a(lib_a-reent.o)
                0x2000019c                errno
                0x200001a0                __bss_end__ = .

.heap           0x200001a0        0x0
                0x200001a0                __end__ = .
                0x200001a0                end = __end__
 *(.heap*)
 .heap          0x200001a0        0x0 obj\debug\src\startup_stm32f0xx.o
                0x200001a0                __HeapLimit = .

.stack_dummy    0x200001a0      0x100
 *(.stack)
 .stack         0x200001a0      0x100 obj\debug\src\startup_stm32f0xx.o
                0x20001000                __StackTop = (ORIGIN (RAM) + 0x1000)
                0x20000f00                __StackLimit = (__StackTop - SIZEOF (.stack_dummy))
                0x20001000                PROVIDE (__stack, __StackTop)
                0x00000001                ASSERT ((__StackLimit >= __HeapLimit), region RAM overflowed with stack)
LOAD obj\debug\spl\src\stm32f0xx_adc.o
LOAD obj\debug\spl\src\stm32f0xx_can.o
LOAD obj\debug\spl\src\stm32f0xx_cec.o
LOAD obj\debug\spl\src\stm32f0xx_comp.o
LOAD obj\debug\spl\src\stm32f0xx_crc.o
LOAD obj\debug\spl\src\stm32f0xx_crs.o
LOAD obj\debug\spl\src\stm32f0xx_dac.o
LOAD obj\debug\spl\src\stm32f0xx_dbgmcu.o
LOAD obj\debug\spl\src\stm32f0xx_dma.o
LOAD obj\debug\spl\src\stm32f0xx_exti.o
LOAD obj\debug\spl\src\stm32f0xx_flash.o
LOAD obj\debug\spl\src\stm32f0xx_gpio.o
LOAD obj\debug\spl\src\stm32f0xx_i2c.o
LOAD obj\debug\spl\src\stm32f0xx_iwdg.o
LOAD obj\debug\spl\src\stm32f0xx_misc.o
LOAD obj\debug\spl\src\stm32f0xx_pwr.o
LOAD obj\debug\spl\src\stm32f0xx_rcc.o
LOAD obj\debug\spl\src\stm32f0xx_rtc.o
LOAD obj\debug\spl\src\stm32f0xx_spi.o
LOAD obj\debug\spl\src\stm32f0xx_syscfg.o
LOAD obj\debug\spl\src\stm32f0xx_tim.o
LOAD obj\debug\spl\src\stm32f0xx_usart.o
LOAD obj\debug\spl\src\stm32f0xx_wwdg.o
LOAD obj\debug\src\debug.o
LOAD obj\debug\src\bmp180.o
LOAD obj\debug\src\main.o
LOAD obj\debug\src\startup_stm32f0xx.o
LOAD obj\debug\src\system_stm32f0xx.o
START GROUP
LOAD c:/program files (x86)/emblocks/2.30/share/em_armgcc/bin/../lib/gcc/arm-none-eabi/4.7.3/armv6-m\libgcc.a
LOAD c:/program files (x86)/emblocks/2.30/share/em_armgcc/bin/../lib/gcc/arm-none-eabi/4.7.3/../../../../arm-none-eabi/lib/armv6-m\libc_n.a
LOAD c:/program files (x86)/emblocks/2.30/share/em_armgcc/bin/../lib/gcc/arm-none-eabi/4.7.3/../../../../arm-none-eabi/lib/armv6-m\libg_n.a
LOAD c:/program files (x86)/emblocks/2.30/share/em_armgcc/bin/../lib/gcc/arm-none-eabi/4.7.3/../../../../arm-none-eabi/lib/armv6-m\libnosys.a
END GROUP
LOAD c:/program files (x86)/emblocks/2.30/share/em_armgcc/bin/../lib/gcc/arm-none-eabi/4.7.3/armv6-m/crtend.o
LOAD c:/program files (x86)/emblocks/2.30/share/em_armgcc/bin/../lib/gcc/arm-none-eabi/4.7.3/armv6-m/crtn.o
OUTPUT(bin\Debug\barometerStm32f0.elf elf32-littlearm)

.ARM.attributes
                0x00000000       0x28
 .ARM.attributes
                0x00000000       0x1e c:/program files (x86)/emblocks/2.30/share/em_armgcc/bin/../lib/gcc/arm-none-eabi/4.7.3/armv6-m/crti.o
 .ARM.attributes
                0x0000001e       0x2c c:/program files (x86)/emblocks/2.30/share/em_armgcc/bin/../lib/gcc/arm-none-eabi/4.7.3/armv6-m/crtbegin.o
 .ARM.attributes
                0x0000004a       0x1b c:/program files (x86)/emblocks/2.30/share/em_armgcc/bin/../lib/gcc/arm-none-eabi/4.7.3/../../../../arm-none-eabi/lib/armv6-m/crt0.o
 .ARM.attributes
                0x00000065       0x31 obj\debug\spl\src\stm32f0xx_gpio.o
 .ARM.attributes
                0x00000096       0x31 obj\debug\spl\src\stm32f0xx_i2c.o
 .ARM.attributes
                0x000000c7       0x31 obj\debug\spl\src\stm32f0xx_misc.o
 .ARM.attributes
                0x000000f8       0x31 obj\debug\spl\src\stm32f0xx_rcc.o
 .ARM.attributes
                0x00000129       0x31 obj\debug\spl\src\stm32f0xx_usart.o
 .ARM.attributes
                0x0000015a       0x31 obj\debug\src\debug.o
 .ARM.attributes
                0x0000018b       0x31 obj\debug\src\bmp180.o
 .ARM.attributes
                0x000001bc       0x31 obj\debug\src\main.o
 .ARM.attributes
                0x000001ed       0x1b obj\debug\src\startup_stm32f0xx.o
 .ARM.attributes
                0x00000208       0x31 obj\debug\src\system_stm32f0xx.o
 .ARM.attributes
                0x00000239       0x1e c:/program files (x86)/emblocks/2.30/share/em_armgcc/bin/../lib/gcc/arm-none-eabi/4.7.3/armv6-m\libgcc.a(_udivsi3.o)
 .ARM.attributes
                0x00000257       0x1e c:/program files (x86)/emblocks/2.30/share/em_armgcc/bin/../lib/gcc/arm-none-eabi/4.7.3/armv6-m\libgcc.a(_divsi3.o)
 .ARM.attributes
                0x00000275       0x1e c:/program files (x86)/emblocks/2.30/share/em_armgcc/bin/../lib/gcc/arm-none-eabi/4.7.3/armv6-m\libgcc.a(_dvmd_tls.o)
 .ARM.attributes
                0x00000293       0x2c c:/program files (x86)/emblocks/2.30/share/em_armgcc/bin/../lib/gcc/arm-none-eabi/4.7.3/armv6-m\libgcc.a(divsf3.o)
 .ARM.attributes
                0x000002bf       0x2c c:/program files (x86)/emblocks/2.30/share/em_armgcc/bin/../lib/gcc/arm-none-eabi/4.7.3/armv6-m\libgcc.a(floatsisf.o)
 .ARM.attributes
                0x000002eb       0x1e c:/program files (x86)/emblocks/2.30/share/em_armgcc/bin/../lib/gcc/arm-none-eabi/4.7.3/armv6-m\libgcc.a(_clzsi2.o)
 .ARM.attributes
                0x00000309       0x2c c:/program files (x86)/emblocks/2.30/share/em_armgcc/bin/../lib/gcc/arm-none-eabi/4.7.3/../../../../arm-none-eabi/lib/armv6-m\libc_n.a(lib_a-exit.o)
 .ARM.attributes
                0x00000335       0x2c c:/program files (x86)/emblocks/2.30/share/em_armgcc/bin/../lib/gcc/arm-none-eabi/4.7.3/../../../../arm-none-eabi/lib/armv6-m\libc_n.a(lib_a-impure.o)
 .ARM.attributes
                0x00000361       0x2c c:/program files (x86)/emblocks/2.30/share/em_armgcc/bin/../lib/gcc/arm-none-eabi/4.7.3/../../../../arm-none-eabi/lib/armv6-m\libc_n.a(lib_a-init.o)
 .ARM.attributes
                0x0000038d       0x2c c:/program files (x86)/emblocks/2.30/share/em_armgcc/bin/../lib/gcc/arm-none-eabi/4.7.3/../../../../arm-none-eabi/lib/armv6-m\libc_n.a(lib_a-memset.o)
 .ARM.attributes
                0x000003b9       0x2c c:/program files (x86)/emblocks/2.30/share/em_armgcc/bin/../lib/gcc/arm-none-eabi/4.7.3/../../../../arm-none-eabi/lib/armv6-m\libc_n.a(lib_a-sprintf.o)
 .ARM.attributes
                0x000003e5       0x2c c:/program files (x86)/emblocks/2.30/share/em_armgcc/bin/../lib/gcc/arm-none-eabi/4.7.3/../../../../arm-none-eabi/lib/armv6-m\libc_n.a(lib_a-strlen.o)
 .ARM.attributes
                0x00000411       0x2c c:/program files (x86)/emblocks/2.30/share/em_armgcc/bin/../lib/gcc/arm-none-eabi/4.7.3/../../../../arm-none-eabi/lib/armv6-m\libc_n.a(lib_a-svfprintf.o)
 .ARM.attributes
                0x0000043d       0x2c c:/program files (x86)/emblocks/2.30/share/em_armgcc/bin/../lib/gcc/arm-none-eabi/4.7.3/../../../../arm-none-eabi/lib/armv6-m\libc_n.a(lib_a-vfprintf_i.o)
 .ARM.attributes
                0x00000469       0x2c c:/program files (x86)/emblocks/2.30/share/em_armgcc/bin/../lib/gcc/arm-none-eabi/4.7.3/../../../../arm-none-eabi/lib/armv6-m\libc_n.a(lib_a-memchr-stub.o)
 .ARM.attributes
                0x00000495       0x2c c:/program files (x86)/emblocks/2.30/share/em_armgcc/bin/../lib/gcc/arm-none-eabi/4.7.3/../../../../arm-none-eabi/lib/armv6-m\libc_n.a(lib_a-memcpy-stub.o)
 .ARM.attributes
                0x000004c1       0x2c c:/program files (x86)/emblocks/2.30/share/em_armgcc/bin/../lib/gcc/arm-none-eabi/4.7.3/../../../../arm-none-eabi/lib/armv6-m\libc_n.a(lib_a-memmove.o)
 .ARM.attributes
                0x000004ed       0x2c c:/program files (x86)/emblocks/2.30/share/em_armgcc/bin/../lib/gcc/arm-none-eabi/4.7.3/../../../../arm-none-eabi/lib/armv6-m\libc_n.a(lib_a-nano-freer.o)
 .ARM.attributes
                0x00000519       0x2c c:/program files (x86)/emblocks/2.30/share/em_armgcc/bin/../lib/gcc/arm-none-eabi/4.7.3/../../../../arm-none-eabi/lib/armv6-m\libc_n.a(lib_a-nano-mallocr.o)
 .ARM.attributes
                0x00000545       0x2c c:/program files (x86)/emblocks/2.30/share/em_armgcc/bin/../lib/gcc/arm-none-eabi/4.7.3/../../../../arm-none-eabi/lib/armv6-m\libc_n.a(lib_a-nano-reallocr.o)
 .ARM.attributes
                0x00000571       0x2c c:/program files (x86)/emblocks/2.30/share/em_armgcc/bin/../lib/gcc/arm-none-eabi/4.7.3/../../../../arm-none-eabi/lib/armv6-m\libc_n.a(lib_a-sbrkr.o)
 .ARM.attributes
                0x0000059d       0x2c c:/program files (x86)/emblocks/2.30/share/em_armgcc/bin/../lib/gcc/arm-none-eabi/4.7.3/../../../../arm-none-eabi/lib/armv6-m\libc_n.a(lib_a-nano-msizer.o)
 .ARM.attributes
                0x000005c9       0x2c c:/program files (x86)/emblocks/2.30/share/em_armgcc/bin/../lib/gcc/arm-none-eabi/4.7.3/../../../../arm-none-eabi/lib/armv6-m\libc_n.a(lib_a-reent.o)
 .ARM.attributes
                0x000005f5       0x2c c:/program files (x86)/emblocks/2.30/share/em_armgcc/bin/../lib/gcc/arm-none-eabi/4.7.3/../../../../arm-none-eabi/lib/armv6-m\libnosys.a(sbrk.o)
 .ARM.attributes
                0x00000621       0x2c c:/program files (x86)/emblocks/2.30/share/em_armgcc/bin/../lib/gcc/arm-none-eabi/4.7.3/../../../../arm-none-eabi/lib/armv6-m\libnosys.a(_exit.o)
 .ARM.attributes
                0x0000064d       0x2c c:/program files (x86)/emblocks/2.30/share/em_armgcc/bin/../lib/gcc/arm-none-eabi/4.7.3/armv6-m/crtend.o
 .ARM.attributes
                0x00000679       0x1e c:/program files (x86)/emblocks/2.30/share/em_armgcc/bin/../lib/gcc/arm-none-eabi/4.7.3/armv6-m/crtn.o

.comment        0x00000000       0x38
 .comment       0x00000000       0x38 obj\debug\spl\src\stm32f0xx_gpio.o
                                 0x39 (size before relaxing)
 .comment       0x00000000       0x39 obj\debug\spl\src\stm32f0xx_i2c.o
 .comment       0x00000000       0x39 obj\debug\spl\src\stm32f0xx_misc.o
 .comment       0x00000000       0x39 obj\debug\spl\src\stm32f0xx_rcc.o
 .comment       0x00000000       0x39 obj\debug\spl\src\stm32f0xx_usart.o
 .comment       0x00000000       0x39 obj\debug\src\debug.o
 .comment       0x00000000       0x39 obj\debug\src\bmp180.o
 .comment       0x00000000       0x39 obj\debug\src\main.o
 .comment       0x00000000       0x39 obj\debug\src\system_stm32f0xx.o

.debug_info     0x00000000     0x4ad5
 .debug_info    0x00000000      0x642 obj\debug\spl\src\stm32f0xx_gpio.o
 .debug_info    0x00000642      0xcb5 obj\debug\spl\src\stm32f0xx_i2c.o
 .debug_info    0x000012f7      0x3bb obj\debug\spl\src\stm32f0xx_misc.o
 .debug_info    0x000016b2      0xb23 obj\debug\spl\src\stm32f0xx_rcc.o
 .debug_info    0x000021d5      0xf8d obj\debug\spl\src\stm32f0xx_usart.o
 .debug_info    0x00003162      0x6b3 obj\debug\src\debug.o
 .debug_info    0x00003815      0x967 obj\debug\src\bmp180.o
 .debug_info    0x0000417c      0x5b6 obj\debug\src\main.o
 .debug_info    0x00004732       0x6a obj\debug\src\startup_stm32f0xx.o
 .debug_info    0x0000479c      0x339 obj\debug\src\system_stm32f0xx.o

.debug_abbrev   0x00000000      0xde0
 .debug_abbrev  0x00000000      0x1a2 obj\debug\spl\src\stm32f0xx_gpio.o
 .debug_abbrev  0x000001a2      0x18c obj\debug\spl\src\stm32f0xx_i2c.o
 .debug_abbrev  0x0000032e      0x12c obj\debug\spl\src\stm32f0xx_misc.o
 .debug_abbrev  0x0000045a      0x1f3 obj\debug\spl\src\stm32f0xx_rcc.o
 .debug_abbrev  0x0000064d      0x163 obj\debug\spl\src\stm32f0xx_usart.o
 .debug_abbrev  0x000007b0      0x1ca obj\debug\src\debug.o
 .debug_abbrev  0x0000097a      0x195 obj\debug\src\bmp180.o
 .debug_abbrev  0x00000b0f      0x182 obj\debug\src\main.o
 .debug_abbrev  0x00000c91       0x14 obj\debug\src\startup_stm32f0xx.o
 .debug_abbrev  0x00000ca5      0x13b obj\debug\src\system_stm32f0xx.o

.debug_loc      0x00000000     0x2530
 .debug_loc     0x00000000      0x2d8 obj\debug\spl\src\stm32f0xx_gpio.o
 .debug_loc     0x000002d8      0x930 obj\debug\spl\src\stm32f0xx_i2c.o
 .debug_loc     0x00000c08       0xa8 obj\debug\spl\src\stm32f0xx_misc.o
 .debug_loc     0x00000cb0      0x8d4 obj\debug\spl\src\stm32f0xx_rcc.o
 .debug_loc     0x00001584      0xaba obj\debug\spl\src\stm32f0xx_usart.o
 .debug_loc     0x0000203e      0x220 obj\debug\src\debug.o
 .debug_loc     0x0000225e      0x1fc obj\debug\src\bmp180.o
 .debug_loc     0x0000245a       0x3a obj\debug\src\main.o
 .debug_loc     0x00002494       0x9c obj\debug\src\system_stm32f0xx.o

.debug_aranges  0x00000000      0x650
 .debug_aranges
                0x00000000       0x80 obj\debug\spl\src\stm32f0xx_gpio.o
 .debug_aranges
                0x00000080      0x168 obj\debug\spl\src\stm32f0xx_i2c.o
 .debug_aranges
                0x000001e8       0x30 obj\debug\spl\src\stm32f0xx_misc.o
 .debug_aranges
                0x00000218      0x160 obj\debug\spl\src\stm32f0xx_rcc.o
 .debug_aranges
                0x00000378      0x1a0 obj\debug\spl\src\stm32f0xx_usart.o
 .debug_aranges
                0x00000518       0x68 obj\debug\src\debug.o
 .debug_aranges
                0x00000580       0x60 obj\debug\src\bmp180.o
 .debug_aranges
                0x000005e0       0x20 obj\debug\src\main.o
 .debug_aranges
                0x00000600       0x20 obj\debug\src\startup_stm32f0xx.o
 .debug_aranges
                0x00000620       0x30 obj\debug\src\system_stm32f0xx.o

.debug_ranges   0x00000000      0x5a0
 .debug_ranges  0x00000000       0x70 obj\debug\spl\src\stm32f0xx_gpio.o
 .debug_ranges  0x00000070      0x158 obj\debug\spl\src\stm32f0xx_i2c.o
 .debug_ranges  0x000001c8       0x20 obj\debug\spl\src\stm32f0xx_misc.o
 .debug_ranges  0x000001e8      0x150 obj\debug\spl\src\stm32f0xx_rcc.o
 .debug_ranges  0x00000338      0x190 obj\debug\spl\src\stm32f0xx_usart.o
 .debug_ranges  0x000004c8       0x58 obj\debug\src\debug.o
 .debug_ranges  0x00000520       0x50 obj\debug\src\bmp180.o
 .debug_ranges  0x00000570       0x10 obj\debug\src\main.o
 .debug_ranges  0x00000580       0x20 obj\debug\src\system_stm32f0xx.o

.debug_macro    0x00000000     0x2515
 .debug_macro   0x00000000      0x172 obj\debug\spl\src\stm32f0xx_gpio.o
 .debug_macro   0x00000172      0x17f obj\debug\spl\src\stm32f0xx_gpio.o
 .debug_macro   0x000002f1      0x190 obj\debug\spl\src\stm32f0xx_i2c.o
 .debug_macro   0x00000481      0x29a obj\debug\spl\src\stm32f0xx_i2c.o
 .debug_macro   0x0000071b      0x172 obj\debug\spl\src\stm32f0xx_misc.o
 .debug_macro   0x0000088d       0x34 obj\debug\spl\src\stm32f0xx_misc.o
 .debug_macro   0x000008c1      0x190 obj\debug\spl\src\stm32f0xx_rcc.o
 .debug_macro   0x00000a51      0x4dd obj\debug\spl\src\stm32f0xx_rcc.o
 .debug_macro   0x00000f2e      0x18a obj\debug\spl\src\stm32f0xx_usart.o
 .debug_macro   0x000010b8      0x34d obj\debug\spl\src\stm32f0xx_usart.o
 .debug_macro   0x00001405      0x171 obj\debug\src\debug.o
 .debug_macro   0x00001576       0x10 obj\debug\src\debug.o
 .debug_macro   0x00001586      0x239 obj\debug\src\bmp180.o
 .debug_macro   0x000017bf       0x58 obj\debug\src\bmp180.o
 .debug_macro   0x00001817       0x35 obj\debug\src\bmp180.o
 .debug_macro   0x0000184c       0xa2 obj\debug\src\bmp180.o
 .debug_macro   0x000018ee       0x16 obj\debug\src\bmp180.o
 .debug_macro   0x00001904       0x97 obj\debug\src\bmp180.o
 .debug_macro   0x0000199b       0x10 obj\debug\src\bmp180.o
 .debug_macro   0x000019ab       0xf5 obj\debug\src\bmp180.o
 .debug_macro   0x00001aa0       0x52 obj\debug\src\bmp180.o
 .debug_macro   0x00001af2       0x16 obj\debug\src\bmp180.o
 .debug_macro   0x00001b08       0x43 obj\debug\src\bmp180.o
 .debug_macro   0x00001b4b      0x180 obj\debug\src\bmp180.o
 .debug_macro   0x00001ccb       0x10 obj\debug\src\bmp180.o
 .debug_macro   0x00001cdb       0x22 obj\debug\src\bmp180.o
 .debug_macro   0x00001cfd       0xbd obj\debug\src\bmp180.o
 .debug_macro   0x00001dba       0x16 obj\debug\src\bmp180.o
 .debug_macro   0x00001dd0      0x16c obj\debug\src\bmp180.o
 .debug_macro   0x00001f3c      0x238 obj\debug\src\bmp180.o
 .debug_macro   0x00002174      0x239 obj\debug\src\main.o
 .debug_macro   0x000023ad      0x168 obj\debug\src\system_stm32f0xx.o

.debug_line     0x00000000     0x3b35
 .debug_line    0x00000000      0x5cb obj\debug\spl\src\stm32f0xx_gpio.o
 .debug_line    0x000005cb      0x817 obj\debug\spl\src\stm32f0xx_i2c.o
 .debug_line    0x00000de2      0x4d6 obj\debug\spl\src\stm32f0xx_misc.o
 .debug_line    0x000012b8      0x825 obj\debug\spl\src\stm32f0xx_rcc.o
 .debug_line    0x00001add      0x8a7 obj\debug\spl\src\stm32f0xx_usart.o
 .debug_line    0x00002384      0x596 obj\debug\src\debug.o
 .debug_line    0x0000291a      0x712 obj\debug\src\bmp180.o
 .debug_line    0x0000302c      0x560 obj\debug\src\main.o
 .debug_line    0x0000358c       0x99 obj\debug\src\startup_stm32f0xx.o
 .debug_line    0x00003625      0x510 obj\debug\src\system_stm32f0xx.o

.debug_str      0x00000000    0x434aa
 .debug_str     0x00000000    0x3ef09 obj\debug\spl\src\stm32f0xx_gpio.o
                              0x3f0a1 (size before relaxing)
 .debug_str     0x0003ef09      0x540 obj\debug\spl\src\stm32f0xx_i2c.o
                              0x3f30b (size before relaxing)
 .debug_str     0x0003f449      0x13f obj\debug\spl\src\stm32f0xx_misc.o
                              0x3ef0b (size before relaxing)
 .debug_str     0x0003f588      0x63e obj\debug\spl\src\stm32f0xx_rcc.o
                              0x3f44d (size before relaxing)
 .debug_str     0x0003fbc6      0x7f6 obj\debug\spl\src\stm32f0xx_usart.o
                              0x3f6b5 (size before relaxing)
 .debug_str     0x000403bc      0x2bc obj\debug\src\debug.o
                              0x3f1a7 (size before relaxing)
 .debug_str     0x00040678     0x2d5b obj\debug\src\bmp180.o
                              0x41e17 (size before relaxing)
 .debug_str     0x000433d3       0x5f obj\debug\src\main.o
                              0x41d33 (size before relaxing)
 .debug_str     0x00043432       0x78 obj\debug\src\system_stm32f0xx.o
                              0x3eea8 (size before relaxing)

.debug_frame    0x00000000     0x1a2c
 .debug_frame   0x00000000      0x1b0 obj\debug\spl\src\stm32f0xx_gpio.o
 .debug_frame   0x000001b0      0x550 obj\debug\spl\src\stm32f0xx_i2c.o
 .debug_frame   0x00000700       0x70 obj\debug\spl\src\stm32f0xx_misc.o
 .debug_frame   0x00000770      0x524 obj\debug\spl\src\stm32f0xx_rcc.o
 .debug_frame   0x00000c94      0x630 obj\debug\spl\src\stm32f0xx_usart.o
 .debug_frame   0x000012c4      0x14c obj\debug\src\debug.o
 .debug_frame   0x00001410      0x130 obj\debug\src\bmp180.o
 .debug_frame   0x00001540       0x30 obj\debug\src\main.o
 .debug_frame   0x00001570       0x6c obj\debug\src\system_stm32f0xx.o
 .debug_frame   0x000015dc       0x20 c:/program files (x86)/emblocks/2.30/share/em_armgcc/bin/../lib/gcc/arm-none-eabi/4.7.3/armv6-m\libgcc.a(_udivsi3.o)
 .debug_frame   0x000015fc       0x20 c:/program files (x86)/emblocks/2.30/share/em_armgcc/bin/../lib/gcc/arm-none-eabi/4.7.3/armv6-m\libgcc.a(_divsi3.o)
 .debug_frame   0x0000161c       0x3c c:/program files (x86)/emblocks/2.30/share/em_armgcc/bin/../lib/gcc/arm-none-eabi/4.7.3/armv6-m\libgcc.a(divsf3.o)
 .debug_frame   0x00001658       0x2c c:/program files (x86)/emblocks/2.30/share/em_armgcc/bin/../lib/gcc/arm-none-eabi/4.7.3/armv6-m\libgcc.a(floatsisf.o)
 .debug_frame   0x00001684       0x28 c:/program files (x86)/emblocks/2.30/share/em_armgcc/bin/../lib/gcc/arm-none-eabi/4.7.3/../../../../arm-none-eabi/lib/armv6-m\libc_n.a(lib_a-exit.o)
 .debug_frame   0x000016ac       0x2c c:/program files (x86)/emblocks/2.30/share/em_armgcc/bin/../lib/gcc/arm-none-eabi/4.7.3/../../../../arm-none-eabi/lib/armv6-m\libc_n.a(lib_a-init.o)
 .debug_frame   0x000016d8       0x28 c:/program files (x86)/emblocks/2.30/share/em_armgcc/bin/../lib/gcc/arm-none-eabi/4.7.3/../../../../arm-none-eabi/lib/armv6-m\libc_n.a(lib_a-memset.o)
 .debug_frame   0x00001700       0x4c c:/program files (x86)/emblocks/2.30/share/em_armgcc/bin/../lib/gcc/arm-none-eabi/4.7.3/../../../../arm-none-eabi/lib/armv6-m\libc_n.a(lib_a-sprintf.o)
 .debug_frame   0x0000174c       0x20 c:/program files (x86)/emblocks/2.30/share/em_armgcc/bin/../lib/gcc/arm-none-eabi/4.7.3/../../../../arm-none-eabi/lib/armv6-m\libc_n.a(lib_a-strlen.o)
 .debug_frame   0x0000176c       0x74 c:/program files (x86)/emblocks/2.30/share/em_armgcc/bin/../lib/gcc/arm-none-eabi/4.7.3/../../../../arm-none-eabi/lib/armv6-m\libc_n.a(lib_a-svfprintf.o)
 .debug_frame   0x000017e0       0x54 c:/program files (x86)/emblocks/2.30/share/em_armgcc/bin/../lib/gcc/arm-none-eabi/4.7.3/../../../../arm-none-eabi/lib/armv6-m\libc_n.a(lib_a-vfprintf_i.o)
 .debug_frame   0x00001834       0x28 c:/program files (x86)/emblocks/2.30/share/em_armgcc/bin/../lib/gcc/arm-none-eabi/4.7.3/../../../../arm-none-eabi/lib/armv6-m\libc_n.a(lib_a-memchr-stub.o)
 .debug_frame   0x0000185c       0x28 c:/program files (x86)/emblocks/2.30/share/em_armgcc/bin/../lib/gcc/arm-none-eabi/4.7.3/../../../../arm-none-eabi/lib/armv6-m\libc_n.a(lib_a-memcpy-stub.o)
 .debug_frame   0x00001884       0x2c c:/program files (x86)/emblocks/2.30/share/em_armgcc/bin/../lib/gcc/arm-none-eabi/4.7.3/../../../../arm-none-eabi/lib/armv6-m\libc_n.a(lib_a-memmove.o)
 .debug_frame   0x000018b0       0x30 c:/program files (x86)/emblocks/2.30/share/em_armgcc/bin/../lib/gcc/arm-none-eabi/4.7.3/../../../../arm-none-eabi/lib/armv6-m\libc_n.a(lib_a-nano-freer.o)
 .debug_frame   0x000018e0       0x30 c:/program files (x86)/emblocks/2.30/share/em_armgcc/bin/../lib/gcc/arm-none-eabi/4.7.3/../../../../arm-none-eabi/lib/armv6-m\libc_n.a(lib_a-nano-mallocr.o)
 .debug_frame   0x00001910       0x30 c:/program files (x86)/emblocks/2.30/share/em_armgcc/bin/../lib/gcc/arm-none-eabi/4.7.3/../../../../arm-none-eabi/lib/armv6-m\libc_n.a(lib_a-nano-reallocr.o)
 .debug_frame   0x00001940       0x2c c:/program files (x86)/emblocks/2.30/share/em_armgcc/bin/../lib/gcc/arm-none-eabi/4.7.3/../../../../arm-none-eabi/lib/armv6-m\libc_n.a(lib_a-sbrkr.o)
 .debug_frame   0x0000196c       0x28 c:/program files (x86)/emblocks/2.30/share/em_armgcc/bin/../lib/gcc/arm-none-eabi/4.7.3/../../../../arm-none-eabi/lib/armv6-m\libc_n.a(lib_a-nano-msizer.o)
 .debug_frame   0x00001994       0x48 c:/program files (x86)/emblocks/2.30/share/em_armgcc/bin/../lib/gcc/arm-none-eabi/4.7.3/../../../../arm-none-eabi/lib/armv6-m\libc_n.a(lib_a-reent.o)
 .debug_frame   0x000019dc       0x28 c:/program files (x86)/emblocks/2.30/share/em_armgcc/bin/../lib/gcc/arm-none-eabi/4.7.3/../../../../arm-none-eabi/lib/armv6-m\libnosys.a(sbrk.o)
 .debug_frame   0x00001a04       0x28 c:/program files (x86)/emblocks/2.30/share/em_armgcc/bin/../lib/gcc/arm-none-eabi/4.7.3/../../../../arm-none-eabi/lib/armv6-m\libnosys.a(_exit.o)
